[vocab.html]
[ico/favicon.ico]
[css/css_got3hgub4zymgei-rvlycxaerb08o9joocl4jntzaey.css]
[css/css_ioh1wz6bqnbwekdofwl00eexpgmxwxssrddv6jz-ucs.css]
[css/css_ymumqum--85mdg6gf8xft60xnxosyekarfr5yk0-svc.css]
[css/css_uwmybkb6t65lcol6_bhvk0kdkwjgokyydwbzws9ywuc.css]
[css/bootstrap.min.css]
[css/css_zgyk-yqpks03far2auasjl2vg7axtujoqrhhsfxkewm.css]
[js/jquery.min.js]
[js/jquery.min-2.js]
[js/js_vsmhpx_t-ashyt_wmw5_tcwwxjp1imovoa8jvwl_mxe.js]
[js/jquery-ui.min.js]
[js/jquery-ui.min-2.js]
[js/js_gpqjyq7fqdmzw8-29xwqivodswtmzcgy9oqahppnxuq.js]
[js/bootstrap.min.js]
[js/analytics.js]
[js/js_w9zc_epnms6-kudcef8ygtr3ct3dmtbiklg3fusdwum.js]
[png/logo.png]
[js/js_fbpwiznwgzweuul4q2hom07boscy5lxl_gwsk4ohqbm.js]
[index-2.html]
[css/base.css]
[vocab.html]
[css/css_got3hgub4zymgei-rvlycxaerb08o9joocl4jntzaey.css]
[css/css_ioh1wz6bqnbwekdofwl00eexpgmxwxssrddv6jz-ucs.css]
[css/css_ymumqum--85mdg6gf8xft60xnxosyekarfr5yk0-svc.css]
[css/css_uwmybkb6t65lcol6_bhvk0kdkwjgokyydwbzws9ywuc.css]
[css/bootstrap.min.css]
[css/css_zgyk-yqpks03far2auasjl2vg7axtujoqrhhsfxkewm.css]
[css/css04d4.css]
[svg/icon-taxation.svg]
[grantees.html]
[tax-ecosystem.html]
[js/amcharts.js]
[js/pie.js]
[js/light.js]
[financial-funding.html]
[bubbles.html]
[css/base.css]
[css/css_sodwjwuvjk8guuofxkvcq5fnz8ntolfgqhzvpho7ubu.css]
[js/d3.v2.min.js]
[js/sankey.js]
[grantees-and-tax-ecosystem.html]
[comparison.html]
[tax-ecosystem-themes1304.html]
[tax-ecosystem-themes7dac.html]
[tax-ecosystem-themes129e.html]
[tax-ecosystem-themes5c75.html]
[tax-ecosystem-themes7b97.html]
[tax-ecosystem-themes1bfa.html]
[tax-ecosystem-themesae87.html]
[tax-ecosystem-themes9803.html]
[tax-ecosystem-themes.html]
[js/d3.v4.min.js]
[cord-diagram.html]
[js/d3.js]
[js/d3.layout.js]
[js/packages.js]
[json/json.json]
[cluster.html]
[open-society-foundations.html]
[css/css_sodwjwuvjk8guuofxkvcq5fnz8ntolfgqhzvpho7ubu.css]
[csv.html]
